src/server.ts(33,22): error TS2769: No overload matches this call.
  Overload 1 of 3, '(plugin: FastifyPluginCallback<FastifyCorsOptions | FastifyCorsOptionsDelegate, RawServerDefault, FastifyTypeProvider, FastifyBaseLogger>, opts?: FastifyRegisterOptions<...>): FastifyInstance<...> & PromiseLike<...>', gave the following error.
    Argument of type 'FastifyCorsPlugin' is not assignable to parameter of type 'FastifyPluginCallback<FastifyCorsOptions | FastifyCorsOptionsDelegate, RawServerDefault, FastifyTypeProvider, FastifyBaseLogger>'.
      Types of parameters 'instance' and 'instance' are incompatible.
        Type 'FastifyInstance<RawServerDefault, IncomingMessage, ServerResponse<IncomingMessage>, FastifyBaseLogger, FastifyTypeProvider>' is missing the following properties from type 'FastifyInstance<RawServerDefault, IncomingMessage, ServerResponse<IncomingMessage>, FastifyBaseLogger, FastifyTypeProviderDefault>': getDecorator, propfind, proppatch, mkcalendar, and 12 more.
  Overload 2 of 3, '(plugin: FastifyPluginAsync<FastifyCorsOptions | FastifyCorsOptionsDelegate, RawServerDefault, FastifyTypeProvider, FastifyBaseLogger>, opts?: FastifyRegisterOptions<...>): FastifyInstance<...> & PromiseLike<...>', gave the following error.
    Argument of type 'FastifyCorsPlugin' is not assignable to parameter of type 'FastifyPluginAsync<FastifyCorsOptions | FastifyCorsOptionsDelegate, RawServerDefault, FastifyTypeProvider, FastifyBaseLogger>'.
      Target signature provides too few arguments. Expected 3 or more, but got 2.
  Overload 3 of 3, '(plugin: FastifyPluginCallback<FastifyCorsOptions | FastifyCorsOptionsDelegate, RawServerDefault, FastifyTypeProvider, FastifyBaseLogger> | FastifyPluginAsync<...> | Promise<...> | Promise<...>, opts?: FastifyRegisterOptions<...>): FastifyInstance<...> & PromiseLike<...>', gave the following error.
    Argument of type 'FastifyCorsPlugin' is not assignable to parameter of type 'FastifyPluginCallback<FastifyCorsOptions | FastifyCorsOptionsDelegate, RawServerDefault, FastifyTypeProvider, FastifyBaseLogger> | FastifyPluginAsync<...> | Promise<...> | Promise<...>'.
      Type 'FastifyCorsPlugin' is not assignable to type 'FastifyPluginCallback<FastifyCorsOptions | FastifyCorsOptionsDelegate, RawServerDefault, FastifyTypeProvider, FastifyBaseLogger>'.
        Types of parameters 'instance' and 'instance' are incompatible.
          Type 'FastifyInstance<RawServerDefault, IncomingMessage, ServerResponse<IncomingMessage>, FastifyBaseLogger, FastifyTypeProvider>' is missing the following properties from type 'FastifyInstance<RawServerDefault, IncomingMessage, ServerResponse<IncomingMessage>, FastifyBaseLogger, FastifyTypeProviderDefault>': getDecorator, propfind, proppatch, mkcalendar, and 12 more.
src/server.ts(38,22): error TS2769: No overload matches this call.
  Overload 1 of 3, '(plugin: FastifyPluginCallback<FastifyMultipartBaseOptions | FastifyMultipartOptions | FastifyMultipartAttachFieldsToBodyOptions, RawServerDefault, FastifyTypeProvider, FastifyBaseLogger>, opts?: FastifyRegisterOptions<...>): FastifyInstance<...> & PromiseLike<...>', gave the following error.
    Argument of type 'FastifyMultipartPlugin' is not assignable to parameter of type 'FastifyPluginCallback<FastifyMultipartBaseOptions | FastifyMultipartOptions | FastifyMultipartAttachFieldsToBodyOptions, RawServerDefault, FastifyTypeProvider, FastifyBaseLogger>'.
      Types of parameters 'instance' and 'instance' are incompatible.
        Type 'FastifyInstance<RawServerDefault, IncomingMessage, ServerResponse<IncomingMessage>, FastifyBaseLogger, FastifyTypeProvider>' is missing the following properties from type 'FastifyInstance<RawServerDefault, IncomingMessage, ServerResponse<IncomingMessage>, FastifyBaseLogger, FastifyTypeProviderDefault>': getDecorator, propfind, proppatch, mkcalendar, and 12 more.
  Overload 2 of 3, '(plugin: FastifyPluginAsync<FastifyMultipartBaseOptions | FastifyMultipartOptions | FastifyMultipartAttachFieldsToBodyOptions, RawServerDefault, FastifyTypeProvider, FastifyBaseLogger>, opts?: FastifyRegisterOptions<...>): FastifyInstance<...> & PromiseLike<...>', gave the following error.
    Argument of type 'FastifyMultipartPlugin' is not assignable to parameter of type 'FastifyPluginAsync<FastifyMultipartBaseOptions | FastifyMultipartOptions | FastifyMultipartAttachFieldsToBodyOptions, RawServerDefault, FastifyTypeProvider, FastifyBaseLogger>'.
      Target signature provides too few arguments. Expected 3 or more, but got 2.
  Overload 3 of 3, '(plugin: FastifyPluginCallback<FastifyMultipartBaseOptions | FastifyMultipartOptions | FastifyMultipartAttachFieldsToBodyOptions, RawServerDefault, FastifyTypeProvider, FastifyBaseLogger> | FastifyPluginAsync<...> | Promise<...> | Promise<...>, opts?: FastifyRegisterOptions<...>): FastifyInstance<...> & PromiseLike<...>', gave the following error.
    Argument of type 'FastifyMultipartPlugin' is not assignable to parameter of type 'FastifyPluginCallback<FastifyMultipartBaseOptions | FastifyMultipartOptions | FastifyMultipartAttachFieldsToBodyOptions, RawServerDefault, FastifyTypeProvider, FastifyBaseLogger> | FastifyPluginAsync<...> | Promise<...> | Promise<...>'.
      Type 'FastifyMultipartPlugin' is not assignable to type 'FastifyPluginCallback<FastifyMultipartBaseOptions | FastifyMultipartOptions | FastifyMultipartAttachFieldsToBodyOptions, RawServerDefault, FastifyTypeProvider, FastifyBaseLogger>'.
        Types of parameters 'instance' and 'instance' are incompatible.
          Type 'FastifyInstance<RawServerDefault, IncomingMessage, ServerResponse<IncomingMessage>, FastifyBaseLogger, FastifyTypeProvider>' is missing the following properties from type 'FastifyInstance<RawServerDefault, IncomingMessage, ServerResponse<IncomingMessage>, FastifyBaseLogger, FastifyTypeProviderDefault>': getDecorator, propfind, proppatch, mkcalendar, and 12 more.
src/ws/plugin.ts(57,22): error TS2769: No overload matches this call.
  Overload 1 of 3, '(plugin: FastifyPluginCallback<WebsocketPluginOptions, RawServerDefault, FastifyTypeProvider, FastifyBaseLogger>, opts?: FastifyRegisterOptions<...>): FastifyInstance<...> & PromiseLike<...>', gave the following error.
    Argument of type 'FastifyWebsocket' is not assignable to parameter of type 'FastifyPluginCallback<WebsocketPluginOptions, RawServerDefault, FastifyTypeProvider, FastifyBaseLogger>'.
      Types of parameters 'instance' and 'instance' are incompatible.
        Type 'FastifyInstance<RawServerDefault, IncomingMessage, ServerResponse<IncomingMessage>, FastifyBaseLogger, FastifyTypeProvider>' is missing the following properties from type 'FastifyInstance<RawServerDefault, IncomingMessage, ServerResponse<IncomingMessage>, FastifyBaseLogger, FastifyTypeProviderDefault>': getDecorator, propfind, proppatch, mkcalendar, and 12 more.
  Overload 2 of 3, '(plugin: FastifyPluginAsync<WebsocketPluginOptions, RawServerDefault, FastifyTypeProvider, FastifyBaseLogger>, opts?: FastifyRegisterOptions<...>): FastifyInstance<...> & PromiseLike<...>', gave the following error.
    Argument of type 'FastifyWebsocket' is not assignable to parameter of type 'FastifyPluginAsync<WebsocketPluginOptions, RawServerDefault, FastifyTypeProvider, FastifyBaseLogger>'.
      Target signature provides too few arguments. Expected 3 or more, but got 2.
  Overload 3 of 3, '(plugin: FastifyPluginCallback<WebsocketPluginOptions, RawServerDefault, FastifyTypeProvider, FastifyBaseLogger> | FastifyPluginAsync<...> | Promise<...> | Promise<...>, opts?: FastifyRegisterOptions<...>): FastifyInstance<...> & PromiseLike<...>', gave the following error.
    Argument of type 'FastifyWebsocket' is not assignable to parameter of type 'FastifyPluginCallback<WebsocketPluginOptions, RawServerDefault, FastifyTypeProvider, FastifyBaseLogger> | FastifyPluginAsync<...> | Promise<...> | Promise<...>'.
      Type 'FastifyWebsocket' is not assignable to type 'FastifyPluginCallback<WebsocketPluginOptions, RawServerDefault, FastifyTypeProvider, FastifyBaseLogger>'.
        Types of parameters 'instance' and 'instance' are incompatible.
          Type 'FastifyInstance<RawServerDefault, IncomingMessage, ServerResponse<IncomingMessage>, FastifyBaseLogger, FastifyTypeProvider>' is missing the following properties from type 'FastifyInstance<RawServerDefault, IncomingMessage, ServerResponse<IncomingMessage>, FastifyBaseLogger, FastifyTypeProviderDefault>': getDecorator, propfind, proppatch, mkcalendar, and 12 more.
src/ws/plugin.ts(64,7): error TS2353: Object literal may only specify known properties, and 'websocket' does not exist in type 'RouteShorthandOptions<RawServerDefault, IncomingMessage, ServerResponse<IncomingMessage>, RouteGenericInterface, unknown, FastifySchema, FastifyTypeProviderDefault, FastifyBaseLogger>'.
src/ws/plugin.ts(70,40): error TS2339: Property 'authorization' does not exist on type '(values: Partial<Record<HttpHeader, string | number | string[]>>) => FastifyReply<RawServerDefault, IncomingMessage, ... 5 more ..., unknown>'.
src/ws/plugin.ts(91,14): error TS2339: Property 'send' does not exist on type 'FastifyRequest<RouteGenericInterface, RawServerDefault, IncomingMessage, FastifySchema, FastifyTypeProviderDefault, unknown, FastifyBaseLogger, ResolveFastifyRequestType<...>>'.
src/ws/plugin.ts(97,14): error TS2339: Property 'on' does not exist on type 'FastifyRequest<RouteGenericInterface, RawServerDefault, IncomingMessage, FastifySchema, FastifyTypeProviderDefault, unknown, FastifyBaseLogger, ResolveFastifyRequestType<...>>'.
undefined
C:\Users\pavan\Desktop\NGO_IMPACT\apps\api-server:
 ERR_PNPM_RECURSIVE_EXEC_FIRST_FAIL  Command failed with exit code 2: tsc --noEmit
