src/routes/requirements.ts(15,18): error TS2554: Expected 2-3 arguments, but got 1.
src/server.ts(53,40): error TS2339: Property 'message' does not exist on type 'unknown'.
src/server.ts(56,55): error TS2339: Property 'message' does not exist on type 'unknown'.
src/ws/plugin.ts(2,21): error TS2305: Module '"@fastify/websocket"' has no exported member 'SocketStream'.
undefined
C:\Users\pavan\Desktop\NGO_IMPACT\apps\api-server:
ΓÇëERR_PNPM_RECURSIVE_EXEC_FIRST_FAILΓÇë Command failed with exit code 2: tsc --noEmit
